#
# There is insufficient memory for the Java Runtime Environment to continue.
# Native memory allocation (malloc) failed to allocate 131088 bytes. Error detail: Chunk::new
# Possible reasons:
#   The system is out of physical RAM or swap space
#   This process is running with CompressedOops enabled, and the Java Heap may be blocking the growth of the native heap
# Possible solutions:
#   Reduce memory load on the system
#   Increase physical memory or swap space
#   Check if swap backing store is full
#   Decrease Java heap size (-Xmx/-Xms)
#   Decrease number of Java threads
#   Decrease Java thread stack sizes (-Xss)
#   Set larger code cache with -XX:ReservedCodeCacheSize=
#   JVM is running with Zero Based Compressed Oops mode in which the Java heap is
#     placed in the first 32GB address space. The Java Heap base address is the
#     maximum limit for the native heap growth. Please use -XX:HeapBaseMinAddress
#     to set the Java Heap base and to place the Java Heap above 32GB virtual address.
# This output file may be truncated or incomplete.
#
#  Out of Memory Error (arena.cpp:191), pid=1708, tid=6624
#
# JRE version: OpenJDK Runtime Environment Temurin-17.0.16+8 (17.0.16+8) (build 17.0.16+8)
# Java VM: OpenJDK 64-Bit Server VM Temurin-17.0.16+8 (17.0.16+8, mixed mode, sharing, tiered, compressed oops, compressed class ptrs, g1 gc, windows-amd64)
# No core dump will be written. Minidumps are not enabled by default on client versions of Windows
#

---------------  S U M M A R Y ------------

Command Line: -javaagent:D:\JetBrains\IntelliJIdea2025.2\plugins\java\lib\rt\debugger-agent.jar=file:///C:/Users/E784~1/AppData/Local/Temp/capture5342456240120962403.props -ea -Didea.test.cyclic.buffer.size=1048576 -javaagent:D:\JetBrains\IntelliJIdea2025.2\lib\idea_rt.jar=64418 -Dkotlinx.coroutines.debug.enable.creation.stack.trace=false -Ddebugger.agent.enable.coroutines=true -Dkotlinx.coroutines.debug.enable.flows.stack.trace=true -Dkotlinx.coroutines.debug.enable.mutable.state.flows.stack.trace=true -Dfile.encoding=UTF-8 com.intellij.rt.junit.JUnitStarter -ideVersion5 -junit5 tests.PrivacyPolicyUncheckedTest

Host: AMD Ryzen 7 7735HS with Radeon Graphics        , 16 cores, 15G,  Windows 10 , 64 bit Build 19041 (10.0.19041.5915)
Time: Thu Sep 18 18:41:48 2025 RTZ 2 (s 10 , 64 bit Build 19041 (10.0.19041.5915) elapsed time: 0.883029 seconds (0d 0h 0m 0s)

---------------  T H R E A D  ---------------

Current thread (0x00000288777c5a20):  JavaThread "C2 CompilerThread1" daemon [_thread_in_native, id=6624, stack(0x000000c965700000,0x000000c965800000)]


Current CompileTask:
C2:    883 1981       4       java.lang.invoke.MethodType::makeImpl (109 bytes)

Stack: [0x000000c965700000,0x000000c965800000]
Native frames: (J=compiled Java code, j=interpreted, Vv=VM code, C=native code)
V  [jvm.dll+0x683169]
V  [jvm.dll+0x839ac8]
V  [jvm.dll+0x83b573]
V  [jvm.dll+0x83bbe3]
V  [jvm.dll+0x2473ff]
V  [jvm.dll+0xace94]
V  [jvm.dll+0xad52c]
V  [jvm.dll+0xacfa4]
V  [jvm.dll+0x6a6ab9]
V  [jvm.dll+0x2199ca]
V  [jvm.dll+0x21765b]
V  [jvm.dll+0x1a32a0]
V  [jvm.dll+0x227b3c]
V  [jvm.dll+0x225ccb]
V  [jvm.dll+0x7ef2d8]
V  [jvm.dll+0x7e979c]
V  [jvm.dll+0x682047]
C  [ucrtbase.dll+0x21bb2]
C  [KERNEL32.DLL+0x17374]
C  [ntdll.dll+0x4cc91]


---------------  P R O C E S S  ---------------

Threads class SMR info:
_java_thread_list=0x000002887db29430, length=25, elements={
0x00000288541bca70, 0x0000028877654d80, 0x0000028877655910, 0x0000028877670360,
0x0000028877671c40, 0x0000028877672510, 0x0000028877672de0, 0x0000028877676ee0,
0x00000288776818c0, 0x00000288776949a0, 0x000002887752d460, 0x000002887778b4f0,
0x000002887778ba10, 0x00000288777ac300, 0x00000288777c5a20, 0x0000028877893910,
0x000002887c114d80, 0x000002887c113d20, 0x000002887c6864e0, 0x000002887ce1fe60,
0x000002887ce1e920, 0x000002887c686f00, 0x000002887c687e30, 0x000002887c688340,
0x000002887c688850
}

Java Threads: ( => current thread )
  0x00000288541bca70 JavaThread "Forwarding newSession on session null to remote" [_thread_in_Java, id=22900, stack(0x000000c964300000,0x000000c964400000)]
  0x0000028877654d80 JavaThread "Reference Handler" daemon [_thread_blocked, id=10628, stack(0x000000c964a00000,0x000000c964b00000)]
  0x0000028877655910 JavaThread "Finalizer" daemon [_thread_blocked, id=6012, stack(0x000000c964b00000,0x000000c964c00000)]
  0x0000028877670360 JavaThread "Signal Dispatcher" daemon [_thread_blocked, id=23288, stack(0x000000c964c00000,0x000000c964d00000)]
  0x0000028877671c40 JavaThread "Attach Listener" daemon [_thread_blocked, id=21356, stack(0x000000c964d00000,0x000000c964e00000)]
  0x0000028877672510 JavaThread "Service Thread" daemon [_thread_blocked, id=10780, stack(0x000000c964e00000,0x000000c964f00000)]
  0x0000028877672de0 JavaThread "Monitor Deflation Thread" daemon [_thread_blocked, id=26636, stack(0x000000c964f00000,0x000000c965000000)]
  0x0000028877676ee0 JavaThread "C2 CompilerThread0" daemon [_thread_blocked, id=27044, stack(0x000000c965000000,0x000000c965100000)]
  0x00000288776818c0 JavaThread "C1 CompilerThread0" daemon [_thread_blocked, id=10588, stack(0x000000c965100000,0x000000c965200000)]
  0x00000288776949a0 JavaThread "Sweeper thread" daemon [_thread_blocked, id=18564, stack(0x000000c965200000,0x000000c965300000)]
  0x000002887752d460 JavaThread "Common-Cleaner" daemon [_thread_blocked, id=11904, stack(0x000000c965300000,0x000000c965400000)]
  0x000002887778b4f0 JavaThread "C1 CompilerThread1" daemon [_thread_blocked, id=6076, stack(0x000000c965400000,0x000000c965500000)]
  0x000002887778ba10 JavaThread "C1 CompilerThread2" daemon [_thread_blocked, id=8436, stack(0x000000c965500000,0x000000c965600000)]
  0x00000288777ac300 JavaThread "C1 CompilerThread3" daemon [_thread_blocked, id=18700, stack(0x000000c965600000,0x000000c965700000)]
=>0x00000288777c5a20 JavaThread "C2 CompilerThread1" daemon [_thread_in_native, id=6624, stack(0x000000c965700000,0x000000c965800000)]
  0x0000028877893910 JavaThread "IntelliJ Suspend Helper" daemon [_thread_blocked, id=11740, stack(0x000000c965800000,0x000000c965900000)]
  0x000002887c114d80 JavaThread "Monitor Ctrl-Break" daemon [_thread_in_native, id=25068, stack(0x000000c965900000,0x000000c965a00000)]
  0x000002887c113d20 JavaThread "Notification Thread" daemon [_thread_blocked, id=21604, stack(0x000000c965a00000,0x000000c965b00000)]
  0x000002887c6864e0 JavaThread "ForkJoinPool.commonPool-worker-1" daemon [_thread_blocked, id=25880, stack(0x000000c966100000,0x000000c966200000)]
  0x000002887ce1fe60 JavaThread "C2 CompilerThread2" daemon [_thread_blocked, id=17704, stack(0x000000c966200000,0x000000c966300000)]
  0x000002887ce1e920 JavaThread "C2 CompilerThread3" daemon [_thread_blocked, id=18688, stack(0x000000c966300000,0x000000c966400000)]
  0x000002887c686f00 JavaThread "HttpClient-1-SelectorManager" daemon [_thread_in_native, id=27100, stack(0x000000c966400000,0x000000c966500000)]
  0x000002887c687e30 JavaThread "Driver Service Executor" daemon [_thread_blocked, id=16944, stack(0x000000c966600000,0x000000c966700000)]
  0x000002887c688340 JavaThread "Driver Service Executor" daemon [_thread_blocked, id=27116, stack(0x000000c966700000,0x000000c966800000)]
  0x000002887c688850 JavaThread "UrlChecker-2" daemon [_thread_blocked, id=26656, stack(0x000000c966800000,0x000000c966900000)]

Other Threads:
  0x000002887753c800 VMThread "VM Thread" [stack: 0x000000c964900000,0x000000c964a00000] [id=6844]
  0x000002887c110ee0 WatcherThread [stack: 0x000000c965b00000,0x000000c965c00000] [id=23716]
  0x00000288542262a0 GCTaskThread "GC Thread#0" [stack: 0x000000c964400000,0x000000c964500000] [id=14144]
  0x000002887c86aae0 GCTaskThread "GC Thread#1" [stack: 0x000000c965c00000,0x000000c965d00000] [id=25856]
  0x000002887c833e10 GCTaskThread "GC Thread#2" [stack: 0x000000c965d00000,0x000000c965e00000] [id=20672]
  0x000002887cb289d0 GCTaskThread "GC Thread#3" [stack: 0x000000c965e00000,0x000000c965f00000] [id=648]
  0x000002887cb1fc50 GCTaskThread "GC Thread#4" [stack: 0x000000c965f00000,0x000000c966000000] [id=7588]
  0x000002887cb242e0 GCTaskThread "GC Thread#5" [stack: 0x000000c966000000,0x000000c966100000] [id=27004]
  0x0000028854237510 ConcurrentGCThread "G1 Main Marker" [stack: 0x000000c964500000,0x000000c964600000] [id=11876]
  0x000002885423a4f0 ConcurrentGCThread "G1 Conc#0" [stack: 0x000000c964600000,0x000000c964700000] [id=14364]
  0x00000288773d4b90 ConcurrentGCThread "G1 Refine#0" [stack: 0x000000c964700000,0x000000c964800000] [id=8940]
  0x00000288773d4e80 ConcurrentGCThread "G1 Service" [stack: 0x000000c964800000,0x000000c964900000] [id=27548]

Threads with active compile tasks:
C2 CompilerThread1      896 1981       4       java.lang.invoke.MethodType::makeImpl (109 bytes)

VM state: not at safepoint (normal execution)

VM Mutex/Monitor currently owned by a thread: None

Heap address: 0x000000070c000000, size: 3904 MB, Compressed Oops mode: Zero based, Oop shift amount: 3

CDS archive(s) mapped at: [0x0000028800000000-0x0000028800bb0000-0x0000028800bb0000), size 12255232, SharedBaseAddress: 0x0000028800000000, ArchiveRelocationMode: 1.
Compressed class space mapped at: 0x0000028801000000-0x0000028841000000, reserved size: 1073741824
Narrow klass base: 0x0000028800000000, Narrow klass shift: 0, Narrow klass range: 0x100000000

GC Precious Log:
 CPUs: 16 total, 16 available
 Memory: 15610M
 Large Page Support: Disabled
 NUMA Support: Disabled
 Compressed Oops: Enabled (Zero based)
 Heap Region Size: 2M
 Heap Min Capacity: 8M
 Heap Initial Capacity: 244M
 Heap Max Capacity: 3904M
 Pre-touch: Disabled
 Parallel Workers: 13
 Concurrent Workers: 3
 Concurrent Refinement Workers: 13
 Periodic GC: Disabled

Heap:
 garbage-first heap   total 249856K, used 33155K [0x000000070c000000, 0x0000000800000000)
  region size 2048K, 17 young (34816K), 2 survivors (4096K)
 Metaspace       used 16789K, committed 17024K, reserved 1114112K
  class space    used 1983K, committed 2112K, reserved 1048576K

Heap Regions: E=young(eden), S=young(survivor), O=old, HS=humongous(starts), HC=humongous(continues), CS=collection set, F=free, OA=open archive, CA=closed archive, TAMS=top-at-mark-start (previous, next)
|   0|0x000000070c000000, 0x000000070c060c00, 0x000000070c200000| 18%| O|  |TAMS 0x000000070c000000, 0x000000070c000000| Untracked 
|   1|0x000000070c200000, 0x000000070c200000, 0x000000070c400000|  0%| F|  |TAMS 0x000000070c200000, 0x000000070c200000| Untracked 
|   2|0x000000070c400000, 0x000000070c400000, 0x000000070c600000|  0%| F|  |TAMS 0x000000070c400000, 0x000000070c400000| Untracked 
|   3|0x000000070c600000, 0x000000070c600000, 0x000000070c800000|  0%| F|  |TAMS 0x000000070c600000, 0x000000070c600000| Untracked 
|   4|0x000000070c800000, 0x000000070c800000, 0x000000070ca00000|  0%| F|  |TAMS 0x000000070c800000, 0x000000070c800000| Untracked 
|   5|0x000000070ca00000, 0x000000070ca00000, 0x000000070cc00000|  0%| F|  |TAMS 0x000000070ca00000, 0x000000070ca00000| Untracked 
|   6|0x000000070cc00000, 0x000000070cc00000, 0x000000070ce00000|  0%| F|  |TAMS 0x000000070cc00000, 0x000000070cc00000| Untracked 
|   7|0x000000070ce00000, 0x000000070ce00000, 0x000000070d000000|  0%| F|  |TAMS 0x000000070ce00000, 0x000000070ce00000| Untracked 
|   8|0x000000070d000000, 0x000000070d000000, 0x000000070d200000|  0%| F|  |TAMS 0x000000070d000000, 0x000000070d000000| Untracked 
|   9|0x000000070d200000, 0x000000070d200000, 0x000000070d400000|  0%| F|  |TAMS 0x000000070d200000, 0x000000070d200000| Untracked 
|  10|0x000000070d400000, 0x000000070d400000, 0x000000070d600000|  0%| F|  |TAMS 0x000000070d400000, 0x000000070d400000| Untracked 
|  11|0x000000070d600000, 0x000000070d600000, 0x000000070d800000|  0%| F|  |TAMS 0x000000070d600000, 0x000000070d600000| Untracked 
|  12|0x000000070d800000, 0x000000070d800000, 0x000000070da00000|  0%| F|  |TAMS 0x000000070d800000, 0x000000070d800000| Untracked 
|  13|0x000000070da00000, 0x000000070da00000, 0x000000070dc00000|  0%| F|  |TAMS 0x000000070da00000, 0x000000070da00000| Untracked 
|  14|0x000000070dc00000, 0x000000070dc00000, 0x000000070de00000|  0%| F|  |TAMS 0x000000070dc00000, 0x000000070dc00000| Untracked 
|  15|0x000000070de00000, 0x000000070de00000, 0x000000070e000000|  0%| F|  |TAMS 0x000000070de00000, 0x000000070de00000| Untracked 
|  16|0x000000070e000000, 0x000000070e000000, 0x000000070e200000|  0%| F|  |TAMS 0x000000070e000000, 0x000000070e000000| Untracked 
|  17|0x000000070e200000, 0x000000070e200000, 0x000000070e400000|  0%| F|  |TAMS 0x000000070e200000, 0x000000070e200000| Untracked 
|  18|0x000000070e400000, 0x000000070e400000, 0x000000070e600000|  0%| F|  |TAMS 0x000000070e400000, 0x000000070e400000| Untracked 
|  19|0x000000070e600000, 0x000000070e600000, 0x000000070e800000|  0%| F|  |TAMS 0x000000070e600000, 0x000000070e600000| Untracked 
|  20|0x000000070e800000, 0x000000070e800000, 0x000000070ea00000|  0%| F|  |TAMS 0x000000070e800000, 0x000000070e800000| Untracked 
|  21|0x000000070ea00000, 0x000000070ea00000, 0x000000070ec00000|  0%| F|  |TAMS 0x000000070ea00000, 0x000000070ea00000| Untracked 
|  22|0x000000070ec00000, 0x000000070ec00000, 0x000000070ee00000|  0%| F|  |TAMS 0x000000070ec00000, 0x000000070ec00000| Untracked 
|  23|0x000000070ee00000, 0x000000070ee00000, 0x000000070f000000|  0%| F|  |TAMS 0x000000070ee00000, 0x000000070ee00000| Untracked 
|  24|0x000000070f000000, 0x000000070f000000, 0x000000070f200000|  0%| F|  |TAMS 0x000000070f000000, 0x000000070f000000| Untracked 
|  25|0x000000070f200000, 0x000000070f200000, 0x000000070f400000|  0%| F|  |TAMS 0x000000070f200000, 0x000000070f200000| Untracked 
|  26|0x000000070f400000, 0x000000070f400000, 0x000000070f600000|  0%| F|  |TAMS 0x000000070f400000, 0x000000070f400000| Untracked 
|  27|0x000000070f600000, 0x000000070f600000, 0x000000070f800000|  0%| F|  |TAMS 0x000000070f600000, 0x000000070f600000| Untracked 
|  28|0x000000070f800000, 0x000000070f800000, 0x000000070fa00000|  0%| F|  |TAMS 0x000000070f800000, 0x000000070f800000| Untracked 
|  29|0x000000070fa00000, 0x000000070fa00000, 0x000000070fc00000|  0%| F|  |TAMS 0x000000070fa00000, 0x000000070fa00000| Untracked 
|  30|0x000000070fc00000, 0x000000070fc00000, 0x000000070fe00000|  0%| F|  |TAMS 0x000000070fc00000, 0x000000070fc00000| Untracked 
|  31|0x000000070fe00000, 0x000000070fe00000, 0x0000000710000000|  0%| F|  |TAMS 0x000000070fe00000, 0x000000070fe00000| Untracked 
|  32|0x0000000710000000, 0x0000000710000000, 0x0000000710200000|  0%| F|  |TAMS 0x0000000710000000, 0x0000000710000000| Untracked 
|  33|0x0000000710200000, 0x0000000710200000, 0x0000000710400000|  0%| F|  |TAMS 0x0000000710200000, 0x0000000710200000| Untracked 
|  34|0x0000000710400000, 0x0000000710400000, 0x0000000710600000|  0%| F|  |TAMS 0x0000000710400000, 0x0000000710400000| Untracked 
|  35|0x0000000710600000, 0x0000000710600000, 0x0000000710800000|  0%| F|  |TAMS 0x0000000710600000, 0x0000000710600000| Untracked 
|  36|0x0000000710800000, 0x0000000710800000, 0x0000000710a00000|  0%| F|  |TAMS 0x0000000710800000, 0x0000000710800000| Untracked 
|  37|0x0000000710a00000, 0x0000000710a00000, 0x0000000710c00000|  0%| F|  |TAMS 0x0000000710a00000, 0x0000000710a00000| Untracked 
|  38|0x0000000710c00000, 0x0000000710c00000, 0x0000000710e00000|  0%| F|  |TAMS 0x0000000710c00000, 0x0000000710c00000| Untracked 
|  39|0x0000000710e00000, 0x0000000710e00000, 0x0000000711000000|  0%| F|  |TAMS 0x0000000710e00000, 0x0000000710e00000| Untracked 
|  40|0x0000000711000000, 0x0000000711000000, 0x0000000711200000|  0%| F|  |TAMS 0x0000000711000000, 0x0000000711000000| Untracked 
|  41|0x0000000711200000, 0x0000000711200000, 0x0000000711400000|  0%| F|  |TAMS 0x0000000711200000, 0x0000000711200000| Untracked 
|  42|0x0000000711400000, 0x0000000711400000, 0x0000000711600000|  0%| F|  |TAMS 0x0000000711400000, 0x0000000711400000| Untracked 
|  43|0x0000000711600000, 0x0000000711600000, 0x0000000711800000|  0%| F|  |TAMS 0x0000000711600000, 0x0000000711600000| Untracked 
|  44|0x0000000711800000, 0x0000000711800000, 0x0000000711a00000|  0%| F|  |TAMS 0x0000000711800000, 0x0000000711800000| Untracked 
|  45|0x0000000711a00000, 0x0000000711a00000, 0x0000000711c00000|  0%| F|  |TAMS 0x0000000711a00000, 0x0000000711a00000| Untracked 
|  46|0x0000000711c00000, 0x0000000711c00000, 0x0000000711e00000|  0%| F|  |TAMS 0x0000000711c00000, 0x0000000711c00000| Untracked 
|  47|0x0000000711e00000, 0x0000000711e00000, 0x0000000712000000|  0%| F|  |TAMS 0x0000000711e00000, 0x0000000711e00000| Untracked 
|  48|0x0000000712000000, 0x0000000712000000, 0x0000000712200000|  0%| F|  |TAMS 0x0000000712000000, 0x0000000712000000| Untracked 
|  49|0x0000000712200000, 0x0000000712200000, 0x0000000712400000|  0%| F|  |TAMS 0x0000000712200000, 0x0000000712200000| Untracked 
|  50|0x0000000712400000, 0x0000000712400000, 0x0000000712600000|  0%| F|  |TAMS 0x0000000712400000, 0x0000000712400000| Untracked 
|  51|0x0000000712600000, 0x0000000712600000, 0x0000000712800000|  0%| F|  |TAMS 0x0000000712600000, 0x0000000712600000| Untracked 
|  52|0x0000000712800000, 0x0000000712800000, 0x0000000712a00000|  0%| F|  |TAMS 0x0000000712800000, 0x0000000712800000| Untracked 
|  53|0x0000000712a00000, 0x0000000712a00000, 0x0000000712c00000|  0%| F|  |TAMS 0x0000000712a00000, 0x0000000712a00000| Untracked 
|  54|0x0000000712c00000, 0x0000000712c00000, 0x0000000712e00000|  0%| F|  |TAMS 0x0000000712c00000, 0x0000000712c00000| Untracked 
|  55|0x0000000712e00000, 0x0000000712e00000, 0x0000000713000000|  0%| F|  |TAMS 0x0000000712e00000, 0x0000000712e00000| Untracked 
|  56|0x0000000713000000, 0x0000000713000000, 0x0000000713200000|  0%| F|  |TAMS 0x0000000713000000, 0x0000000713000000| Untracked 
|  57|0x0000000713200000, 0x0000000713200000, 0x0000000713400000|  0%| F|  |TAMS 0x0000000713200000, 0x0000000713200000| Untracked 
|  58|0x0000000713400000, 0x0000000713400000, 0x0000000713600000|  0%| F|  |TAMS 0x0000000713400000, 0x0000000713400000| Untracked 
|  59|0x0000000713600000, 0x0000000713600000, 0x0000000713800000|  0%| F|  |TAMS 0x0000000713600000, 0x0000000713600000| Untracked 
|  60|0x0000000713800000, 0x0000000713800000, 0x0000000713a00000|  0%| F|  |TAMS 0x0000000713800000, 0x0000000713800000| Untracked 
|  61|0x0000000713a00000, 0x0000000713a00000, 0x0000000713c00000|  0%| F|  |TAMS 0x0000000713a00000, 0x0000000713a00000| Untracked 
|  62|0x0000000713c00000, 0x0000000713c00000, 0x0000000713e00000|  0%| F|  |TAMS 0x0000000713c00000, 0x0000000713c00000| Untracked 
|  63|0x0000000713e00000, 0x0000000713e00000, 0x0000000714000000|  0%| F|  |TAMS 0x0000000713e00000, 0x0000000713e00000| Untracked 
|  64|0x0000000714000000, 0x0000000714000000, 0x0000000714200000|  0%| F|  |TAMS 0x0000000714000000, 0x0000000714000000| Untracked 
|  65|0x0000000714200000, 0x0000000714200000, 0x0000000714400000|  0%| F|  |TAMS 0x0000000714200000, 0x0000000714200000| Untracked 
|  66|0x0000000714400000, 0x0000000714400000, 0x0000000714600000|  0%| F|  |TAMS 0x0000000714400000, 0x0000000714400000| Untracked 
|  67|0x0000000714600000, 0x0000000714600000, 0x0000000714800000|  0%| F|  |TAMS 0x0000000714600000, 0x0000000714600000| Untracked 
|  68|0x0000000714800000, 0x0000000714800000, 0x0000000714a00000|  0%| F|  |TAMS 0x0000000714800000, 0x0000000714800000| Untracked 
|  69|0x0000000714a00000, 0x0000000714a00000, 0x0000000714c00000|  0%| F|  |TAMS 0x0000000714a00000, 0x0000000714a00000| Untracked 
|  70|0x0000000714c00000, 0x0000000714c00000, 0x0000000714e00000|  0%| F|  |TAMS 0x0000000714c00000, 0x0000000714c00000| Untracked 
|  71|0x0000000714e00000, 0x0000000714e00000, 0x0000000715000000|  0%| F|  |TAMS 0x0000000714e00000, 0x0000000714e00000| Untracked 
|  72|0x0000000715000000, 0x0000000715000000, 0x0000000715200000|  0%| F|  |TAMS 0x0000000715000000, 0x0000000715000000| Untracked 
|  73|0x0000000715200000, 0x0000000715200000, 0x0000000715400000|  0%| F|  |TAMS 0x0000000715200000, 0x0000000715200000| Untracked 
|  74|0x0000000715400000, 0x0000000715400000, 0x0000000715600000|  0%| F|  |TAMS 0x0000000715400000, 0x0000000715400000| Untracked 
|  75|0x0000000715600000, 0x0000000715600000, 0x0000000715800000|  0%| F|  |TAMS 0x0000000715600000, 0x0000000715600000| Untracked 
|  76|0x0000000715800000, 0x0000000715800000, 0x0000000715a00000|  0%| F|  |TAMS 0x0000000715800000, 0x0000000715800000| Untracked 
|  77|0x0000000715a00000, 0x0000000715a00000, 0x0000000715c00000|  0%| F|  |TAMS 0x0000000715a00000, 0x0000000715a00000| Untracked 
|  78|0x0000000715c00000, 0x0000000715c00000, 0x0000000715e00000|  0%| F|  |TAMS 0x0000000715c00000, 0x0000000715c00000| Untracked 
|  79|0x0000000715e00000, 0x0000000715e00000, 0x0000000716000000|  0%| F|  |TAMS 0x0000000715e00000, 0x0000000715e00000| Untracked 
|  80|0x0000000716000000, 0x0000000716000000, 0x0000000716200000|  0%| F|  |TAMS 0x0000000716000000, 0x0000000716000000| Untracked 
|  81|0x0000000716200000, 0x0000000716200000, 0x0000000716400000|  0%| F|  |TAMS 0x0000000716200000, 0x0000000716200000| Untracked 
|  82|0x0000000716400000, 0x0000000716400000, 0x0000000716600000|  0%| F|  |TAMS 0x0000000716400000, 0x0000000716400000| Untracked 
|  83|0x0000000716600000, 0x0000000716600000, 0x0000000716800000|  0%| F|  |TAMS 0x0000000716600000, 0x0000000716600000| Untracked 
|  84|0x0000000716800000, 0x0000000716800000, 0x0000000716a00000|  0%| F|  |TAMS 0x0000000716800000, 0x0000000716800000| Untracked 
|  85|0x0000000716a00000, 0x0000000716a00000, 0x0000000716c00000|  0%| F|  |TAMS 0x0000000716a00000, 0x0000000716a00000| Untracked 
|  86|0x0000000716c00000, 0x0000000716c00000, 0x0000000716e00000|  0%| F|  |TAMS 0x0000000716c00000, 0x0000000716c00000| Untracked 
|  87|0x0000000716e00000, 0x0000000716e00000, 0x0000000717000000|  0%| F|  |TAMS 0x0000000716e00000, 0x0000000716e00000| Untracked 
|  88|0x0000000717000000, 0x0000000717000000, 0x0000000717200000|  0%| F|  |TAMS 0x0000000717000000, 0x0000000717000000| Untracked 
|  89|0x0000000717200000, 0x0000000717200000, 0x0000000717400000|  0%| F|  |TAMS 0x0000000717200000, 0x0000000717200000| Untracked 
|  90|0x0000000717400000, 0x0000000717400000, 0x0000000717600000|  0%| F|  |TAMS 0x0000000717400000, 0x0000000717400000| Untracked 
|  91|0x0000000717600000, 0x0000000717600000, 0x0000000717800000|  0%| F|  |TAMS 0x0000000717600000, 0x0000000717600000| Untracked 
|  92|0x0000000717800000, 0x0000000717800000, 0x0000000717a00000|  0%| F|  |TAMS 0x0000000717800000, 0x0000000717800000| Untracked 
|  93|0x0000000717a00000, 0x0000000717a00000, 0x0000000717c00000|  0%| F|  |TAMS 0x0000000717a00000, 0x0000000717a00000| Untracked 
|  94|0x0000000717c00000, 0x0000000717c00000, 0x0000000717e00000|  0%| F|  |TAMS 0x0000000717c00000, 0x0000000717c00000| Untracked 
|  95|0x0000000717e00000, 0x0000000717e00000, 0x0000000718000000|  0%| F|  |TAMS 0x0000000717e00000, 0x0000000717e00000| Untracked 
|  96|0x0000000718000000, 0x0000000718000000, 0x0000000718200000|  0%| F|  |TAMS 0x0000000718000000, 0x0000000718000000| Untracked 
|  97|0x0000000718200000, 0x0000000718200000, 0x0000000718400000|  0%| F|  |TAMS 0x0000000718200000, 0x0000000718200000| Untracked 
|  98|0x0000000718400000, 0x0000000718400000, 0x0000000718600000|  0%| F|  |TAMS 0x0000000718400000, 0x0000000718400000| Untracked 
|  99|0x0000000718600000, 0x0000000718600000, 0x0000000718800000|  0%| F|  |TAMS 0x0000000718600000, 0x0000000718600000| Untracked 
| 100|0x0000000718800000, 0x0000000718800000, 0x0000000718a00000|  0%| F|  |TAMS 0x0000000718800000, 0x0000000718800000| Untracked 
| 101|0x0000000718a00000, 0x0000000718a00000, 0x0000000718c00000|  0%| F|  |TAMS 0x0000000718a00000, 0x0000000718a00000| Untracked 
| 102|0x0000000718c00000, 0x0000000718c00000, 0x0000000718e00000|  0%| F|  |TAMS 0x0000000718c00000, 0x0000000718c00000| Untracked 
| 103|0x0000000718e00000, 0x0000000718e00000, 0x0000000719000000|  0%| F|  |TAMS 0x0000000718e00000, 0x0000000718e00000| Untracked 
| 104|0x0000000719000000, 0x0000000719000000, 0x0000000719200000|  0%| F|  |TAMS 0x0000000719000000, 0x0000000719000000| Untracked 
| 105|0x0000000719200000, 0x000000071922bc38, 0x0000000719400000|  8%| E|  |TAMS 0x0000000719200000, 0x0000000719200000| Complete 
| 106|0x0000000719400000, 0x0000000719600000, 0x0000000719600000|100%| E|CS|TAMS 0x0000000719400000, 0x0000000719400000| Complete 
| 107|0x0000000719600000, 0x0000000719800000, 0x0000000719800000|100%| E|CS|TAMS 0x0000000719600000, 0x0000000719600000| Complete 
| 108|0x0000000719800000, 0x0000000719a00000, 0x0000000719a00000|100%| E|CS|TAMS 0x0000000719800000, 0x0000000719800000| Complete 
| 109|0x0000000719a00000, 0x0000000719c00000, 0x0000000719c00000|100%| S|CS|TAMS 0x0000000719a00000, 0x0000000719a00000| Complete 
| 110|0x0000000719c00000, 0x0000000719e00000, 0x0000000719e00000|100%| S|CS|TAMS 0x0000000719c00000, 0x0000000719c00000| Complete 
| 111|0x0000000719e00000, 0x000000071a000000, 0x000000071a000000|100%| E|CS|TAMS 0x0000000719e00000, 0x0000000719e00000| Complete 
| 112|0x000000071a000000, 0x000000071a200000, 0x000000071a200000|100%| E|CS|TAMS 0x000000071a000000, 0x000000071a000000| Complete 
| 113|0x000000071a200000, 0x000000071a400000, 0x000000071a400000|100%| E|CS|TAMS 0x000000071a200000, 0x000000071a200000| Complete 
| 114|0x000000071a400000, 0x000000071a600000, 0x000000071a600000|100%| E|CS|TAMS 0x000000071a400000, 0x000000071a400000| Complete 
| 115|0x000000071a600000, 0x000000071a800000, 0x000000071a800000|100%| E|CS|TAMS 0x000000071a600000, 0x000000071a600000| Complete 
| 116|0x000000071a800000, 0x000000071aa00000, 0x000000071aa00000|100%| E|CS|TAMS 0x000000071a800000, 0x000000071a800000| Complete 
| 117|0x000000071aa00000, 0x000000071ac00000, 0x000000071ac00000|100%| E|CS|TAMS 0x000000071aa00000, 0x000000071aa00000| Complete 
| 118|0x000000071ac00000, 0x000000071ae00000, 0x000000071ae00000|100%| E|CS|TAMS 0x000000071ac00000, 0x000000071ac00000| Complete 
| 119|0x000000071ae00000, 0x000000071b000000, 0x000000071b000000|100%| E|CS|TAMS 0x000000071ae00000, 0x000000071ae00000| Complete 
| 120|0x000000071b000000, 0x000000071b200000, 0x000000071b200000|100%| E|CS|TAMS 0x000000071b000000, 0x000000071b000000| Complete 
| 121|0x000000071b200000, 0x000000071b400000, 0x000000071b400000|100%| E|CS|TAMS 0x000000071b200000, 0x000000071b200000| Complete 

Card table byte_map: [0x000002886bd30000,0x000002886c4d0000] _byte_map_base: 0x00000288684d0000

Marking Bits (Prev, Next): (CMBitMap*) 0x00000288542267d0, (CMBitMap*) 0x0000028854226810
 Prev Bits: [0x000002886cc70000, 0x0000028870970000)
 Next Bits: [0x0000028870970000, 0x0000028874670000)

Polling page: 0x0000028852120000

Metaspace:

Usage:
  Non-class:     14.47 MB used.
      Class:      1.94 MB used.
       Both:     16.41 MB used.

Virtual space:
  Non-class space:       64.00 MB reserved,      14.56 MB ( 23%) committed,  1 nodes.
      Class space:        1.00 GB reserved,       2.06 MB ( <1%) committed,  1 nodes.
             Both:        1.06 GB reserved,      16.62 MB (  2%) committed. 

Chunk freelists:
   Non-Class:  780.00 KB
       Class:  13.98 MB
        Both:  14.74 MB

MaxMetaspaceSize: unlimited
CompressedClassSpaceSize: 1.00 GB
Initial GC threshold: 21.00 MB
Current GC threshold: 21.00 MB
CDS: on
MetaspaceReclaimPolicy: balanced
 - commit_granule_bytes: 65536.
 - commit_granule_words: 8192.
 - virtual_space_node_default_size: 8388608.
 - enlarge_chunks_in_place: 1.
 - new_chunks_are_fully_committed: 0.
 - uncommit_free_chunks: 1.
 - use_allocation_guard: 0.
 - handle_deallocations: 1.


Internal statistics:

num_allocs_failed_limit: 0.
num_arena_births: 182.
num_arena_deaths: 0.
num_vsnodes_births: 2.
num_vsnodes_deaths: 0.
num_space_committed: 266.
num_space_uncommitted: 0.
num_chunks_returned_to_freelist: 0.
num_chunks_taken_from_freelist: 509.
num_chunk_merges: 0.
num_chunk_splits: 273.
num_chunks_enlarged: 165.
num_inconsistent_stats: 0.

CodeHeap 'non-profiled nmethods': size=119168Kb used=672Kb max_used=672Kb free=118495Kb
 bounds [0x00000288638b0000, 0x0000028863b20000, 0x000002886ad10000]
CodeHeap 'profiled nmethods': size=119104Kb used=4042Kb max_used=4042Kb free=115061Kb
 bounds [0x000002885bd10000, 0x000002885c110000, 0x0000028863160000]
CodeHeap 'non-nmethods': size=7488Kb used=2894Kb max_used=2923Kb free=4593Kb
 bounds [0x0000028863160000, 0x0000028863440000, 0x00000288638b0000]
 total_blobs=2520 nmethods=2013 adapters=416
 compilation: enabled
              stopped_count=0, restarted_count=0
 full_count=0

Compilation events (20 events):
Event: 0.860 Thread 0x0000028877676ee0 1982       4       java.lang.invoke.MethodType$ConcurrentWeakInternSet::get (47 bytes)
Event: 0.862 Thread 0x000002887778ba10 1984       3       jdk.internal.org.objectweb.asm.MethodWriter::visitFrameStart (55 bytes)
Event: 0.862 Thread 0x00000288777ac300 1985       3       jdk.internal.org.objectweb.asm.MethodWriter::visitFrameEnd (53 bytes)
Event: 0.862 Thread 0x000002887778ba10 nmethod 1984 0x000002885c0fbf10 code [0x000002885c0fc0c0, 0x000002885c0fc3d8]
Event: 0.862 Thread 0x00000288777ac300 nmethod 1985 0x000002885c0fc510 code [0x000002885c0fc6e0, 0x000002885c0fcbe8]
Event: 0.863 Thread 0x00000288776818c0 1986       3       java.lang.Character::getType (9 bytes)
Event: 0.863 Thread 0x000002887778ba10 1987       3       java.lang.CharacterDataLatin1::getType (11 bytes)
Event: 0.863 Thread 0x000002887778ba10 nmethod 1987 0x000002885c0fcd10 code [0x000002885c0fcec0, 0x000002885c0fd078]
Event: 0.863 Thread 0x00000288776818c0 nmethod 1986 0x000002885c0fd190 code [0x000002885c0fd340, 0x000002885c0fd538]
Event: 0.870 Thread 0x0000028877676ee0 nmethod 1982 0x0000028863952890 code [0x0000028863952a80, 0x0000028863953ae8]
Event: 0.872 Thread 0x00000288776818c0 1988       3       java.lang.invoke.MethodHandles$Lookup::findConstructor (61 bytes)
Event: 0.872 Thread 0x000002887ce1e920 1989       4       org.jetbrains.capture.org.objectweb.asm.ClassReader::getItem (7 bytes)
Event: 0.872 Thread 0x000002887778b4f0 1990       3       org.jetbrains.capture.org.objectweb.asm.MethodWriter::visitLabel (332 bytes)
Event: 0.872 Thread 0x00000288776818c0 nmethod 1988 0x000002885c0fd610 code [0x000002885c0fd880, 0x000002885c0fe098]
Event: 0.872 Thread 0x000002887ce1e920 nmethod 1989 0x0000028863954110 code [0x00000288639542a0, 0x0000028863954358]
Event: 0.872 Thread 0x000002887778b4f0 nmethod 1990 0x000002885c0fe410 code [0x000002885c0fe680, 0x000002885c0ff488]
Event: 0.873 Thread 0x000002887ce1e920 1991       4       java.lang.String::toString (2 bytes)
Event: 0.873 Thread 0x000002887ce1e920 nmethod 1991 0x0000028863954410 code [0x0000028863954580, 0x00000288639545f8]
Event: 0.875 Thread 0x000002887778ba10 1992       3       java.net.URI$Parser::scan (76 bytes)
Event: 0.876 Thread 0x000002887778ba10 nmethod 1992 0x000002885c0ff710 code [0x000002885c0ff940, 0x000002885c1001b8]

GC Heap History (2 events):
Event: 0.413 GC heap before
{Heap before GC invocations=0 (full 0):
 garbage-first heap   total 249856K, used 20480K [0x000000070c000000, 0x0000000800000000)
  region size 2048K, 11 young (22528K), 0 survivors (0K)
 Metaspace       used 7216K, committed 7424K, reserved 1114112K
  class space    used 773K, committed 896K, reserved 1048576K
}
Event: 0.416 GC heap after
{Heap after GC invocations=1 (full 0):
 garbage-first heap   total 249856K, used 4483K [0x000000070c000000, 0x0000000800000000)
  region size 2048K, 2 young (4096K), 2 survivors (4096K)
 Metaspace       used 7216K, committed 7424K, reserved 1114112K
  class space    used 773K, committed 896K, reserved 1048576K
}

Dll operation events (12 events):
Event: 0.005 Loaded shared library D:\jdk-17.0.16+8\bin\java.dll
Event: 0.005 Loaded shared library D:\jdk-17.0.16+8\bin\zip.dll
Event: 0.018 Loaded shared library D:\jdk-17.0.16+8\bin\jsvml.dll
Event: 0.081 Loaded shared library D:\jdk-17.0.16+8\bin\instrument.dll
Event: 0.103 Loaded shared library D:\jdk-17.0.16+8\bin\net.dll
Event: 0.105 Loaded shared library D:\jdk-17.0.16+8\bin\nio.dll
Event: 0.109 Loaded shared library D:\jdk-17.0.16+8\bin\zip.dll
Event: 0.125 Loaded shared library D:\jdk-17.0.16+8\bin\extnet.dll
Event: 0.165 Loaded shared library D:\jdk-17.0.16+8\bin\jimage.dll
Event: 0.564 Loaded shared library D:\jdk-17.0.16+8\bin\management.dll
Event: 0.565 Loaded shared library D:\jdk-17.0.16+8\bin\management_ext.dll
Event: 0.704 Loaded shared library D:\jdk-17.0.16+8\bin\sunmscapi.dll

Deoptimization events (20 events):
Event: 0.778 Thread 0x00000288541bca70 DEOPT PACKING pc=0x000002885c075bb8 sp=0x000000c9643f9600
Event: 0.778 Thread 0x00000288541bca70 DEOPT UNPACKING pc=0x00000288631b7143 sp=0x000000c9643f8a80 mode 0
Event: 0.779 Thread 0x00000288541bca70 DEOPT PACKING pc=0x000002885c075bb8 sp=0x000000c9643f95d0
Event: 0.779 Thread 0x00000288541bca70 DEOPT UNPACKING pc=0x00000288631b7143 sp=0x000000c9643f8a50 mode 0
Event: 0.818 Thread 0x00000288541bca70 Uncommon trap: trap_request=0xffffff45 fr.pc=0x000002886392cb1c relative=0x000000000000185c
Event: 0.818 Thread 0x00000288541bca70 Uncommon trap: reason=unstable_if action=reinterpret pc=0x000002886392cb1c method=java.io.WinNTFileSystem.normalize(Ljava/lang/String;)Ljava/lang/String; @ 128 c2
Event: 0.818 Thread 0x00000288541bca70 DEOPT PACKING pc=0x000002886392cb1c sp=0x000000c9643f9650
Event: 0.818 Thread 0x00000288541bca70 DEOPT UNPACKING pc=0x00000288631b69a3 sp=0x000000c9643f9628 mode 2
Event: 0.818 Thread 0x00000288541bca70 Uncommon trap: trap_request=0xffffff45 fr.pc=0x00000288638bcfb4 relative=0x0000000000000194
Event: 0.818 Thread 0x00000288541bca70 Uncommon trap: reason=unstable_if action=reinterpret pc=0x00000288638bcfb4 method=java.lang.String.equals(Ljava/lang/Object;)Z @ 33 c2
Event: 0.818 Thread 0x00000288541bca70 DEOPT PACKING pc=0x00000288638bcfb4 sp=0x000000c9643f95b0
Event: 0.818 Thread 0x00000288541bca70 DEOPT UNPACKING pc=0x00000288631b69a3 sp=0x000000c9643f9550 mode 2
Event: 0.818 Thread 0x00000288541bca70 Uncommon trap: trap_request=0xffffff45 fr.pc=0x0000028863927168 relative=0x00000000000001c8
Event: 0.818 Thread 0x00000288541bca70 Uncommon trap: reason=unstable_if action=reinterpret pc=0x0000028863927168 method=java.lang.String.lastIndexOf(II)I @ 4 c2
Event: 0.818 Thread 0x00000288541bca70 DEOPT PACKING pc=0x0000028863927168 sp=0x000000c9643f96c0
Event: 0.818 Thread 0x00000288541bca70 DEOPT UNPACKING pc=0x00000288631b69a3 sp=0x000000c9643f95f0 mode 2
Event: 0.832 Thread 0x00000288541bca70 Uncommon trap: trap_request=0xffffff45 fr.pc=0x00000288639141bc relative=0x000000000000021c
Event: 0.832 Thread 0x00000288541bca70 Uncommon trap: reason=unstable_if action=reinterpret pc=0x00000288639141bc method=java.util.HashMap.putVal(ILjava/lang/Object;Ljava/lang/Object;ZZ)Ljava/lang/Object; @ 162 c2
Event: 0.832 Thread 0x00000288541bca70 DEOPT PACKING pc=0x00000288639141bc sp=0x000000c9643f81c0
Event: 0.832 Thread 0x00000288541bca70 DEOPT UNPACKING pc=0x00000288631b69a3 sp=0x000000c9643f8108 mode 2

Classes loaded (20 events):
Event: 0.875 Loading class java/net/ResponseCache
Event: 0.875 Loading class java/net/ResponseCache done
Event: 0.875 Loading class sun/net/www/protocol/http/HttpURLConnection$7
Event: 0.875 Loading class sun/net/www/protocol/http/HttpURLConnection$7 done
Event: 0.875 Loading class sun/net/www/http/HttpClient
Event: 0.875 Loading class sun/net/NetworkClient
Event: 0.876 Loading class sun/net/NetworkClient done
Event: 0.876 Loading class sun/net/www/http/HttpClient done
Event: 0.876 Loading class sun/net/NetworkClient$1
Event: 0.876 Loading class sun/net/NetworkClient$1 done
Event: 0.876 Loading class sun/net/www/http/KeepAliveCache
Event: 0.876 Loading class sun/net/www/http/KeepAliveCache done
Event: 0.876 Loading class sun/net/www/http/KeepAliveKey
Event: 0.876 Loading class sun/net/www/http/KeepAliveKey done
Event: 0.876 Loading class sun/net/www/http/HttpCapture
Event: 0.876 Loading class sun/net/www/http/HttpCapture done
Event: 0.876 Loading class sun/net/www/http/HttpCapture$1
Event: 0.876 Loading class sun/net/www/http/HttpCapture$1 done
Event: 0.877 Loading class sun/net/util/SocketExceptions
Event: 0.877 Loading class sun/net/util/SocketExceptions done

Classes unloaded (0 events):
No events

Classes redefined (1 events):
Event: 0.093 Thread 0x000002887753c800 redefined class name=java.lang.Throwable, count=1

Internal exceptions (20 events):
Event: 0.547 Thread 0x00000288541bca70 Exception <a 'java/net/SocketException'{0x000000071aaabf58}: Socket is not connected: shutdown> (0x000000071aaabf58) 
thrown [s\src\hotspot\share\prims\jni.cpp, line 535]
Event: 0.584 Thread 0x00000288541bca70 Exception <a 'java/lang/NoSuchMethodError'{0x000000071a89bfb8}: 'void java.lang.invoke.DirectMethodHandle$Holder.invokeStatic(java.lang.Object, long)'> (0x000000071a89bfb8) 
thrown [s\src\hotspot\share\interpreter\linkResolver.cpp, line 759]
Event: 0.584 Thread 0x00000288541bca70 Exception <a 'java/lang/NoSuchMethodError'{0x000000071a8a1ef0}: 'java.lang.Object java.lang.invoke.DirectMethodHandle$Holder.newInvokeSpecial(java.lang.Object, long)'> (0x000000071a8a1ef0) 
thrown [s\src\hotspot\share\interpreter\linkResolver.cpp, line 759]
Event: 0.586 Thread 0x00000288541bca70 Exception <a 'java/lang/NoSuchMethodError'{0x000000071a8b0260}: 'java.lang.Object java.lang.invoke.DirectMethodHandle$Holder.invokeStaticInit(java.lang.Object, java.lang.Object, long, java.lang.Object)'> (0x000000071a8b0260) 
thrown [s\src\hotspot\share\interpreter\linkResolver.cpp, line 759]
Event: 0.586 Thread 0x00000288541bca70 Exception <a 'java/lang/NoSuchMethodError'{0x000000071a8b6b48}: 'java.lang.Object java.lang.invoke.DirectMethodHandle$Holder.newInvokeSpecial(java.lang.Object, java.lang.Object, long)'> (0x000000071a8b6b48) 
thrown [s\src\hotspot\share\interpreter\linkResolver.cpp, line 759]
Event: 0.586 Thread 0x00000288541bca70 Exception <a 'java/lang/NoSuchMethodError'{0x000000071a8bb3a8}: 'java.lang.Object java.lang.invoke.Invokers$Holder.linkToTargetMethod(java.lang.Object, long, java.lang.Object)'> (0x000000071a8bb3a8) 
thrown [s\src\hotspot\share\interpreter\linkResolver.cpp, line 759]
Event: 0.648 Thread 0x00000288541bca70 Exception <a 'java/lang/NoSuchMethodError'{0x000000071a91b6e0}: 'double java.lang.invoke.DirectMethodHandle$Holder.invokeVirtual(java.lang.Object, java.lang.Object)'> (0x000000071a91b6e0) 
thrown [s\src\hotspot\share\interpreter\linkResolver.cpp, line 759]
Event: 0.649 Thread 0x00000288541bca70 Exception <a 'java/lang/NoSuchMethodError'{0x000000071a9223e8}: 'float java.lang.invoke.DirectMethodHandle$Holder.invokeVirtual(java.lang.Object, java.lang.Object)'> (0x000000071a9223e8) 
thrown [s\src\hotspot\share\interpreter\linkResolver.cpp, line 759]
Event: 0.649 Thread 0x00000288541bca70 Exception <a 'java/lang/NoSuchMethodError'{0x000000071a92b858}: 'long java.lang.invoke.DirectMethodHandle$Holder.invokeVirtual(java.lang.Object, java.lang.Object)'> (0x000000071a92b858) 
thrown [s\src\hotspot\share\interpreter\linkResolver.cpp, line 759]
Event: 0.685 Thread 0x00000288541bca70 Exception <a 'java/lang/NoSuchMethodError'{0x000000071a41c3d8}: 'java.lang.Object java.lang.invoke.DirectMethodHandle$Holder.invokeStaticInit(java.lang.Object, java.lang.Object, int)'> (0x000000071a41c3d8) 
thrown [s\src\hotspot\share\interpreter\linkResolver.cpp, line 759]
Event: 0.685 Thread 0x00000288541bca70 Exception <a 'java/lang/NoSuchMethodError'{0x000000071a4295d8}: 'int java.lang.invoke.DirectMethodHandle$Holder.invokeStaticInit(java.lang.Object, java.lang.Object, java.lang.Object)'> (0x000000071a4295d8) 
thrown [s\src\hotspot\share\interpreter\linkResolver.cpp, line 759]
Event: 0.726 Thread 0x00000288541bca70 Exception <a 'sun/nio/fs/WindowsException'{0x000000071a277790}> (0x000000071a277790) 
thrown [s\src\hotspot\share\prims\jni.cpp, line 516]
Event: 0.734 Thread 0x00000288541bca70 Exception <a 'java/lang/NoSuchMethodError'{0x000000071a2d3fd8}: 'int java.lang.invoke.DirectMethodHandle$Holder.invokeStaticInit(java.lang.Object, java.lang.Object, java.lang.Object, java.lang.Object)'> (0x000000071a2d3fd8) 
thrown [s\src\hotspot\share\interpreter\linkResolver.cpp, line 759]
Event: 0.735 Thread 0x00000288541bca70 Exception <a 'java/lang/NoSuchMethodError'{0x000000071a2dff68}: 'void java.lang.invoke.DirectMethodHandle$Holder.invokeStaticInit(java.lang.Object, java.lang.Object)'> (0x000000071a2dff68) 
thrown [s\src\hotspot\share\interpreter\linkResolver.cpp, line 759]
Event: 0.794 Thread 0x00000288541bca70 Exception <a 'java/lang/NoSuchMethodError'{0x000000071999a6f0}: 'java.lang.Object java.lang.invoke.DirectMethodHandle$Holder.invokeStaticInit(java.lang.Object, int, int, int, int)'> (0x000000071999a6f0) 
thrown [s\src\hotspot\share\interpreter\linkResolver.cpp, line 759]
Event: 0.819 Thread 0x00000288541bca70 Exception <a 'java/lang/NoSuchMethodError'{0x00000007199e2ff0}: 'java.lang.Object java.lang.invoke.DirectMethodHandle$Holder.invokeStaticInit(java.lang.Object, java.lang.Object, int, int, int, int)'> (0x00000007199e2ff0) 
thrown [s\src\hotspot\share\interpreter\linkResolver.cpp, line 759]
Event: 0.860 Thread 0x00000288541bca70 Exception <a 'java/lang/IncompatibleClassChangeError'{0x00000007194762d8}: Found class java.lang.Object, but interface was expected> (0x00000007194762d8) 
thrown [s\src\hotspot\share\interpreter\linkResolver.cpp, line 826]
Event: 0.862 Thread 0x00000288541bca70 Exception <a 'java/lang/NoSuchMethodError'{0x00000007194a2c48}: 'java.lang.Object java.lang.invoke.DirectMethodHandle$Holder.invokeVirtual(java.lang.Object, java.lang.Object, java.lang.Object, java.lang.Object)'> (0x00000007194a2c48) 
thrown [s\src\hotspot\share\interpreter\linkResolver.cpp, line 759]
Event: 0.877 Thread 0x000002887c688850 Exception <a 'java/net/ConnectException'{0x00000007192034c8}: Connection refused: getsockopt> (0x00000007192034c8) 
thrown [s\src\hotspot\share\prims\jni.cpp, line 535]
Event: 0.877 Thread 0x000002887c688850 Exception <a 'java/net/SocketException'{0x00000007192038b0}: Socket is not connected: shutdown> (0x00000007192038b0) 
thrown [s\src\hotspot\share\prims\jni.cpp, line 535]

VM Operations (20 events):
Event: 0.326 Executing VM operation: HandshakeAllThreads
Event: 0.326 Executing VM operation: HandshakeAllThreads done
Event: 0.413 Executing VM operation: G1CollectForAllocation
Event: 0.416 Executing VM operation: G1CollectForAllocation done
Event: 0.431 Executing VM operation: HandshakeAllThreads
Event: 0.431 Executing VM operation: HandshakeAllThreads done
Event: 0.558 Executing VM operation: HandshakeAllThreads
Event: 0.558 Executing VM operation: HandshakeAllThreads done
Event: 0.572 Executing VM operation: HandshakeAllThreads
Event: 0.572 Executing VM operation: HandshakeAllThreads done
Event: 0.693 Executing VM operation: HandshakeAllThreads
Event: 0.693 Executing VM operation: HandshakeAllThreads done
Event: 0.707 Executing VM operation: HandshakeAllThreads
Event: 0.707 Executing VM operation: HandshakeAllThreads done
Event: 0.760 Executing VM operation: HandshakeAllThreads
Event: 0.760 Executing VM operation: HandshakeAllThreads done
Event: 0.784 Executing VM operation: ICBufferFull
Event: 0.784 Executing VM operation: ICBufferFull done
Event: 0.823 Executing VM operation: HandshakeAllThreads
Event: 0.823 Executing VM operation: HandshakeAllThreads done

Memory protections (0 events):
No events

Nmethod flushes (0 events):
No events

Events (20 events):
Event: 0.029 Thread 0x00000288541bca70 Thread added: 0x00000288776818c0
Event: 0.029 Thread 0x00000288541bca70 Thread added: 0x00000288776949a0
Event: 0.069 Thread 0x00000288541bca70 Thread added: 0x000002887752d460
Event: 0.073 Thread 0x00000288776818c0 Thread added: 0x000002887778b4f0
Event: 0.073 Thread 0x00000288776818c0 Thread added: 0x000002887778ba10
Event: 0.073 Thread 0x000002887778ba10 Thread added: 0x00000288777ac300
Event: 0.077 Thread 0x0000028877676ee0 Thread added: 0x00000288777c5a20
Event: 0.094 Thread 0x00000288541bca70 Thread added: 0x0000028877893910
Event: 0.115 Thread 0x00000288541bca70 Thread added: 0x000002887c114d80
Event: 0.115 Thread 0x00000288541bca70 Thread added: 0x000002887c113d20
Event: 0.587 Thread 0x00000288541bca70 Thread added: 0x000002887c687e30
Event: 0.644 Thread 0x000002887c687e30 Thread exited: 0x000002887c687e30
Event: 0.675 Thread 0x00000288541bca70 Thread added: 0x000002887c6864e0
Event: 0.690 Thread 0x000002887778b4f0 Thread added: 0x000002887ce1fe60
Event: 0.701 Thread 0x000002887778b4f0 Thread added: 0x000002887ce1e920
Event: 0.851 Thread 0x00000288541bca70 Thread added: 0x000002887c686f00
Event: 0.868 Thread 0x00000288541bca70 Thread added: 0x000002887c687920
Event: 0.870 Thread 0x00000288541bca70 Thread added: 0x000002887c687e30
Event: 0.871 Thread 0x00000288541bca70 Thread added: 0x000002887c688340
Event: 0.873 Thread 0x000002887c687e30 Thread added: 0x000002887c688850


Dynamic libraries:
0x00007ff711190000 - 0x00007ff71119e000 	D:\jdk-17.0.16+8\bin\java.exe
0x00007ff9fc8b0000 - 0x00007ff9fcaa8000 	C:\WINDOWS\SYSTEM32\ntdll.dll
0x00007ff9fb9d0000 - 0x00007ff9fba92000 	C:\WINDOWS\System32\KERNEL32.DLL
0x00007ff9f9fd0000 - 0x00007ff9fa2c6000 	C:\WINDOWS\System32\KERNELBASE.dll
0x00007ff9fa620000 - 0x00007ff9fa720000 	C:\WINDOWS\System32\ucrtbase.dll
0x00007ff9f2930000 - 0x00007ff9f294e000 	D:\jdk-17.0.16+8\bin\VCRUNTIME140.dll
0x00007ff9f62b0000 - 0x00007ff9f62c7000 	D:\jdk-17.0.16+8\bin\jli.dll
0x00007ff9fbf60000 - 0x00007ff9fc0fd000 	C:\WINDOWS\System32\USER32.dll
0x00007ff9e8450000 - 0x00007ff9e86eb000 	C:\WINDOWS\WinSxS\amd64_microsoft.windows.common-controls_6595b64144ccf1df_6.0.19041.6280_none_60bc30a171f2f3f3\COMCTL32.dll
0x00007ff9fa430000 - 0x00007ff9fa452000 	C:\WINDOWS\System32\win32u.dll
0x00007ff9fb600000 - 0x00007ff9fb69e000 	C:\WINDOWS\System32\msvcrt.dll
0x00007ff9fa8e0000 - 0x00007ff9fa90b000 	C:\WINDOWS\System32\GDI32.dll
0x00007ff9fa460000 - 0x00007ff9fa579000 	C:\WINDOWS\System32\gdi32full.dll
0x00007ff9fa580000 - 0x00007ff9fa61d000 	C:\WINDOWS\System32\msvcp_win.dll
0x00007ff9fbf20000 - 0x00007ff9fbf4f000 	C:\WINDOWS\System32\IMM32.DLL
0x00007ff9f62e0000 - 0x00007ff9f62ec000 	D:\jdk-17.0.16+8\bin\vcruntime140_1.dll
0x00007ff9e7ce0000 - 0x00007ff9e7d6d000 	D:\jdk-17.0.16+8\bin\msvcp140.dll
0x00007ff922650000 - 0x00007ff9232bb000 	D:\jdk-17.0.16+8\bin\server\jvm.dll
0x00007ff9fb3c0000 - 0x00007ff9fb471000 	C:\WINDOWS\System32\ADVAPI32.dll
0x00007ff9fb230000 - 0x00007ff9fb2cf000 	C:\WINDOWS\System32\sechost.dll
0x00007ff9fbe00000 - 0x00007ff9fbf20000 	C:\WINDOWS\System32\RPCRT4.dll
0x00007ff9fa8b0000 - 0x00007ff9fa8d7000 	C:\WINDOWS\System32\bcrypt.dll
0x00007ff9fb090000 - 0x00007ff9fb0fb000 	C:\WINDOWS\System32\WS2_32.dll
0x00007ff9f9db0000 - 0x00007ff9f9dfb000 	C:\WINDOWS\SYSTEM32\POWRPROF.dll
0x00007ff9edc70000 - 0x00007ff9edc97000 	C:\WINDOWS\SYSTEM32\WINMM.dll
0x00007ff9f1f70000 - 0x00007ff9f1f7a000 	C:\WINDOWS\SYSTEM32\VERSION.dll
0x00007ff9f9d90000 - 0x00007ff9f9da2000 	C:\WINDOWS\SYSTEM32\UMPDC.dll
0x00007ff9f7db0000 - 0x00007ff9f7dc2000 	C:\WINDOWS\SYSTEM32\kernel.appcore.dll
0x00007ff9f2920000 - 0x00007ff9f292a000 	D:\jdk-17.0.16+8\bin\jimage.dll
0x00007ff9f0f30000 - 0x00007ff9f1131000 	C:\WINDOWS\SYSTEM32\DBGHELP.DLL
0x00007ff9edbe0000 - 0x00007ff9edc14000 	C:\WINDOWS\SYSTEM32\dbgcore.DLL
0x00007ff9fa820000 - 0x00007ff9fa8a2000 	C:\WINDOWS\System32\bcryptPrimitives.dll
0x00007ff9e7ba0000 - 0x00007ff9e7bae000 	D:\jdk-17.0.16+8\bin\instrument.dll
0x00007ff9f28f0000 - 0x00007ff9f2915000 	D:\jdk-17.0.16+8\bin\java.dll
0x00007ff9e1c00000 - 0x00007ff9e1c18000 	D:\jdk-17.0.16+8\bin\zip.dll
0x00007ff9e1ac0000 - 0x00007ff9e1b97000 	D:\jdk-17.0.16+8\bin\jsvml.dll
0x00007ff9fc100000 - 0x00007ff9fc870000 	C:\WINDOWS\System32\SHELL32.dll
0x00007ff9f7fd0000 - 0x00007ff9f8775000 	C:\WINDOWS\SYSTEM32\windows.storage.dll
0x00007ff9fbaa0000 - 0x00007ff9fbdf3000 	C:\WINDOWS\System32\combase.dll
0x00007ff9f98b0000 - 0x00007ff9f98db000 	C:\WINDOWS\SYSTEM32\Wldp.dll
0x00007ff9fb900000 - 0x00007ff9fb9cd000 	C:\WINDOWS\System32\OLEAUT32.dll
0x00007ff9fb6a0000 - 0x00007ff9fb74d000 	C:\WINDOWS\System32\SHCORE.dll
0x00007ff9fb030000 - 0x00007ff9fb08b000 	C:\WINDOWS\System32\shlwapi.dll
0x00007ff9f9e80000 - 0x00007ff9f9ea4000 	C:\WINDOWS\SYSTEM32\profapi.dll
0x00007ff9e7cc0000 - 0x00007ff9e7cd9000 	D:\jdk-17.0.16+8\bin\net.dll
0x00007ff9f6850000 - 0x00007ff9f695a000 	C:\WINDOWS\SYSTEM32\WINHTTP.dll
0x00007ff9f9610000 - 0x00007ff9f967a000 	C:\WINDOWS\system32\mswsock.dll
0x00007ff9e7ca0000 - 0x00007ff9e7cb6000 	D:\jdk-17.0.16+8\bin\nio.dll
0x00007ff9e1bf0000 - 0x00007ff9e1bf9000 	D:\jdk-17.0.16+8\bin\extnet.dll
0x00007ff9f9330000 - 0x00007ff9f93fa000 	C:\WINDOWS\SYSTEM32\DNSAPI.dll
0x00007ff9f92f0000 - 0x00007ff9f932b000 	C:\WINDOWS\SYSTEM32\IPHLPAPI.DLL
0x00007ff9fbf50000 - 0x00007ff9fbf58000 	C:\WINDOWS\System32\NSI.dll
0x00007ff9f59e0000 - 0x00007ff9f59ea000 	C:\Windows\System32\rasadhlp.dll
0x00007ff9f5480000 - 0x00007ff9f5500000 	C:\WINDOWS\System32\fwpuclnt.dll
0x00007ff9e1be0000 - 0x00007ff9e1bea000 	D:\jdk-17.0.16+8\bin\management.dll
0x00007ff9e1ab0000 - 0x00007ff9e1abb000 	D:\jdk-17.0.16+8\bin\management_ext.dll
0x00007ff9fb480000 - 0x00007ff9fb488000 	C:\WINDOWS\System32\PSAPI.DLL
0x00007ff9e1db0000 - 0x00007ff9e1dbe000 	D:\jdk-17.0.16+8\bin\sunmscapi.dll
0x00007ff9fa2d0000 - 0x00007ff9fa42d000 	C:\WINDOWS\System32\CRYPT32.dll
0x00007ff9f9920000 - 0x00007ff9f9947000 	C:\WINDOWS\SYSTEM32\ncrypt.dll
0x00007ff9f98e0000 - 0x00007ff9f991b000 	C:\WINDOWS\SYSTEM32\NTASN1.dll
0x00007ff9f9800000 - 0x00007ff9f9818000 	C:\WINDOWS\SYSTEM32\CRYPTSP.dll
0x00007ff9f8f30000 - 0x00007ff9f8f68000 	C:\WINDOWS\system32\rsaenh.dll
0x00007ff9f9e40000 - 0x00007ff9f9e6e000 	C:\WINDOWS\SYSTEM32\USERENV.dll
0x00007ff9f9820000 - 0x00007ff9f982c000 	C:\WINDOWS\SYSTEM32\CRYPTBASE.dll
0x00007ff9f6570000 - 0x00007ff9f6587000 	C:\WINDOWS\SYSTEM32\dhcpcsvc6.DLL
0x00007ff9f6550000 - 0x00007ff9f656d000 	C:\WINDOWS\SYSTEM32\dhcpcsvc.DLL
0x00007ff9c3d70000 - 0x00007ff9c3d77000 	C:\WINDOWS\system32\wshunix.dll
0x00007ff9daf90000 - 0x00007ff9dafa7000 	C:\WINDOWS\system32\napinsp.dll
0x00007ff9daf70000 - 0x00007ff9daf8b000 	C:\WINDOWS\system32\pnrpnsp.dll
0x00007ff9f6aa0000 - 0x00007ff9f6abd000 	C:\WINDOWS\system32\wshbth.dll
0x00007ff9f6960000 - 0x00007ff9f697d000 	C:\WINDOWS\system32\NLAapi.dll
0x00007ff9daf50000 - 0x00007ff9daf62000 	C:\WINDOWS\System32\winrnr.dll

dbghelp: loaded successfully - version: 4.0.5 - missing functions: none
symbol engine: initialized successfully - sym options: 0x614 - pdb path: .;D:\jdk-17.0.16+8\bin;C:\WINDOWS\SYSTEM32;C:\WINDOWS\WinSxS\amd64_microsoft.windows.common-controls_6595b64144ccf1df_6.0.19041.6280_none_60bc30a171f2f3f3;D:\jdk-17.0.16+8\bin\server

VM Arguments:
jvm_args: -javaagent:D:\JetBrains\IntelliJIdea2025.2\plugins\java\lib\rt\debugger-agent.jar=file:///C:/Users/E784~1/AppData/Local/Temp/capture5342456240120962403.props -ea -Didea.test.cyclic.buffer.size=1048576 -javaagent:D:\JetBrains\IntelliJIdea2025.2\lib\idea_rt.jar=64418 -Dkotlinx.coroutines.debug.enable.creation.stack.trace=false -Ddebugger.agent.enable.coroutines=true -Dkotlinx.coroutines.debug.enable.flows.stack.trace=true -Dkotlinx.coroutines.debug.enable.mutable.state.flows.stack.trace=true -Dfile.encoding=UTF-8 
java_command: com.intellij.rt.junit.JUnitStarter -ideVersion5 -junit5 tests.PrivacyPolicyUncheckedTest
java_class_path (initial): C:\Users\Екатерина\.m2\repository\org\junit\platform\junit-platform-launcher\1.13.3\junit-platform-launcher-1.13.3.jar;C:\Users\Екатерина\.m2\repository\org\junit\platform\junit-platform-engine\1.13.3\junit-platform-engine-1.13.3.jar;C:\Users\Екатерина\.m2\repository\org\junit\jupiter\junit-jupiter-engine\5.13.3\junit-jupiter-engine-5.13.3.jar;D:\JetBrains\IntelliJIdea2025.2\lib\idea_rt.jar;D:\JetBrains\IntelliJIdea2025.2\plugins\junit\lib\junit5-rt.jar;D:\JetBrains\IntelliJIdea2025.2\plugins\junit\lib\junit-rt.jar;D:\TestCaseJBDC-main\target\test-classes;D:\TestCaseJBDC-main\target\classes;C:\Users\Екатерина\.m2\repository\org\junit\jupiter\junit-jupiter-api\5.13.3\junit-jupiter-api-5.13.3.jar;C:\Users\Екатерина\.m2\repository\org\opentest4j\opentest4j\1.3.0\opentest4j-1.3.0.jar;C:\Users\Екатерина\.m2\repository\org\junit\platform\junit-platform-commons\1.13.3\junit-platform-commons-1.13.3.jar;C:\Users\Екатерина\.m2\repository\org\apiguardian\apiguardian-api\1.1.2\apiguardian-api-1.1.2.jar;C:\Users\Екатерина\.m2\repository\org\seleniumhq\selenium\selenium-java\4.34.0\selenium-java-4.34.0.jar;C:\Users\Екатерина\.m2\repository\org\seleniumhq\selenium\selenium-api\4.34.0\selenium-api-4.34.0.jar;C:\Users\Екатерина\.m2\repository\org\jspecify\jspecify\1.0.0\jspecify-1.0.0.jar;C:\Users\Екатерина\.m2\repository\org\seleniumhq\selenium\selenium-chrome-driver\4.34.0\selenium-chrome-driver-4.34.0.jar;C:\Users\Екатерина\.m2\repository\com\google\auto\service\auto-service-annotations\1.1.1\auto-service-annotations-1.1.1.jar;C:\Users\Екатерина\.m2\repository\org\seleniumhq\selenium\selenium-chromium-driver\4.34.0\selenium-chromium-driver-4.34.0.jar;C:\Users\Екатерина\.m2\repository\org\seleniumhq\selenium\selenium-json\4.34.0\selenium-json-4.34.0.jar;C:\Users\Екатерина\.m2\repository\org\seleniumhq\selenium\selenium-manager\4.34.0\selenium-manager-4.34.0.jar;C:\Users\Екатерина\.m2\repository\org\seleniumhq\selenium\selenium-devtools-v136\4.34.0\sele
Launcher Type: SUN_STANDARD

[Global flags]
     intx CICompilerCount                          = 12                                        {product} {ergonomic}
     uint ConcGCThreads                            = 3                                         {product} {ergonomic}
     uint G1ConcRefinementThreads                  = 13                                        {product} {ergonomic}
   size_t G1HeapRegionSize                         = 2097152                                   {product} {ergonomic}
    uintx GCDrainStackTargetSize                   = 64                                        {product} {ergonomic}
   size_t InitialHeapSize                          = 255852544                                 {product} {ergonomic}
   size_t MarkStackSize                            = 4194304                                   {product} {ergonomic}
   size_t MaxHeapSize                              = 4093640704                                {product} {ergonomic}
   size_t MaxNewSize                               = 2455764992                                {product} {ergonomic}
   size_t MinHeapDeltaBytes                        = 2097152                                   {product} {ergonomic}
   size_t MinHeapSize                              = 8388608                                   {product} {ergonomic}
    uintx NonNMethodCodeHeapSize                   = 7602480                                {pd product} {ergonomic}
    uintx NonProfiledCodeHeapSize                  = 122027880                              {pd product} {ergonomic}
    uintx ProfiledCodeHeapSize                     = 122027880                              {pd product} {ergonomic}
    uintx ReservedCodeCacheSize                    = 251658240                              {pd product} {ergonomic}
     bool SegmentedCodeCache                       = true                                      {product} {ergonomic}
   size_t SoftMaxHeapSize                          = 4093640704                             {manageable} {ergonomic}
     bool UseCompressedClassPointers               = true                           {product lp64_product} {ergonomic}
     bool UseCompressedOops                        = true                           {product lp64_product} {ergonomic}
     bool UseG1GC                                  = true                                      {product} {ergonomic}
     bool UseLargePagesIndividualAllocation        = false                                  {pd product} {ergonomic}

Logging:
Log output configuration:
 #0: stdout all=warning uptime,level,tags
 #1: stderr all=off uptime,level,tags

Environment Variables:
PATH=D:\jdk-17.0.16+8\bin;C:\Program Files\Common Files\Oracle\Java\javapath;C:\Program Files (x86)\Common Files\Oracle\Java\java8path;C:\Program Files (x86)\Common Files\Oracle\Java\javapath;C:\Program Files (x86)\Common Files\Intel\Shared Libraries\redist\intel64_win\compiler;C:\Program Files (x86)\Common Files\Intel\Shared Libraries\redist\intel64\compiler;C:\WINDOWS\system32;C:\WINDOWS;C:\WINDOWS\System32\Wbem;C:\WINDOWS\System32\WindowsPowerShell\v1.0\;C:\WINDOWS\System32\OpenSSH\;C:\Program Files (x86)\NVIDIA Corporation\PhysX\Common;C:\Program Files\NVIDIA Corporation\NVIDIA NvDLISR;C:\Program Files (x86)\QuickTime\QTSystem\;C:\Program Files\dotnet\;C:\Program Files\Microsoft SQL Server\Client SDK\ODBC\130\Tools\Binn\;C:\Program Files (x86)\Microsoft SQL Server\140\Tools\Binn\;C:\Program Files\Microsoft SQL Server\140\Tools\Binn\;C:\Program Files\Microsoft SQL Server\140\DTS\Binn\;C:\Program Files\Microsoft SQL Server\150\Tools\Binn\;C:\Program Files\Microsoft SQL Server\Client SDK\ODBC\170\Tools\Binn\;C:\U;D:\;D:\Git\cmd;C:\Users\Екатерина\AppData\Local\Microsoft\WindowsApps;D:\ffmpeg-7.1.1-full_build\bin;C:\Users\Екатерина\.dotnet\tools
USERNAME=Екатерина
OS=Windows_NT
PROCESSOR_IDENTIFIER=AMD64 Family 25 Model 68 Stepping 1, AuthenticAMD
TMP=C:\Users\E784~1\AppData\Local\Temp
TEMP=C:\Users\E784~1\AppData\Local\Temp



Periodic native trim disabled


---------------  S Y S T E M  ---------------

OS:
 Windows 10 , 64 bit Build 19041 (10.0.19041.5915)
OS uptime: 0 days 1:33 hours

CPU: total 16 (initial active 16) (16 cores per cpu, 2 threads per core) family 25 model 68 stepping 1 microcode 0x0, cx8, cmov, fxsr, ht, mmx, 3dnowpref, sse, sse2, sse3, ssse3, sse4a, sse4.1, sse4.2, popcnt, lzcnt, tsc, tscinvbit, avx, avx2, aes, erms, clmul, bmi1, bmi2, adx, sha, fma, vzeroupper, clflush, clflushopt
Processor Information for all 16 processors :
  Max Mhz: 3201, Current Mhz: 3201, Mhz Limit: 3201

Memory: 4k page, system-wide physical 15610M (3041M free)
TotalPageFile size 25648M (AvailPageFile size 7M)
current process WorkingSet (physical memory assigned to process): 121M, peak: 121M
current process commit charge ("private bytes"): 392M, peak: 392M

vm_info: OpenJDK 64-Bit Server VM (17.0.16+8) for windows-amd64 JRE (17.0.16+8), built on Jul 16 2025 10:37:56 by "admin" with MS VC++ 17.7 (VS2022)

END.
