#
# There is insufficient memory for the Java Runtime Environment to continue.
# Native memory allocation (mmap) failed to map 255852544 bytes. Error detail: G1 virtual space
# Possible reasons:
#   The system is out of physical RAM or swap space
#   This process is running with CompressedOops enabled, and the Java Heap may be blocking the growth of the native heap
# Possible solutions:
#   Reduce memory load on the system
#   Increase physical memory or swap space
#   Check if swap backing store is full
#   Decrease Java heap size (-Xmx/-Xms)
#   Decrease number of Java threads
#   Decrease Java thread stack sizes (-Xss)
#   Set larger code cache with -XX:ReservedCodeCacheSize=
#   JVM is running with Zero Based Compressed Oops mode in which the Java heap is
#     placed in the first 32GB address space. The Java Heap base address is the
#     maximum limit for the native heap growth. Please use -XX:HeapBaseMinAddress
#     to set the Java Heap base and to place the Java Heap above 32GB virtual address.
# This output file may be truncated or incomplete.
#
#  Out of Memory Error (os_windows.cpp:3618), pid=17984, tid=27328
#
# JRE version:  (17.0.16+8) (build )
# Java VM: OpenJDK 64-Bit Server VM (17.0.16+8, mixed mode, sharing, tiered, compressed oops, compressed class ptrs, g1 gc, windows-amd64)
# No core dump will be written. Minidumps are not enabled by default on client versions of Windows
#

---------------  S U M M A R Y ------------

Command Line: -Dorg.jetbrains.run.directory=D:\TestCaseJBDC-main\src\test\resources\features -javaagent:D:\JetBrains\IntelliJIdea2025.2\lib\idea_rt.jar=54504 -Dfile.encoding=UTF-8 io.cucumber.core.cli.Main --plugin teamcity D:/TestCaseJBDC-main/src/test/resources/features/password_length.feature

Host: AMD Ryzen 7 7735HS with Radeon Graphics        , 16 cores, 15G,  Windows 10 , 64 bit Build 19041 (10.0.19041.5915)
Time: Mon Sep 22 18:37:09 2025 RTZ 2 (s 10 , 64 bit Build 19041 (10.0.19041.5915) elapsed time: 0.010467 seconds (0d 0h 0m 0s)

---------------  T H R E A D  ---------------

Current thread (0x000001d34b9ff110):  JavaThread "Unknown thread" [_thread_in_vm, id=27328, stack(0x000000699f500000,0x000000699f600000)]

Stack: [0x000000699f500000,0x000000699f600000]
Native frames: (J=compiled Java code, j=interpreted, Vv=VM code, C=native code)
V  [jvm.dll+0x683169]
V  [jvm.dll+0x839ac8]
V  [jvm.dll+0x83b573]
V  [jvm.dll+0x83bbe3]
V  [jvm.dll+0x2473ff]
V  [jvm.dll+0x67ff49]
V  [jvm.dll+0x674e3a]
V  [jvm.dll+0x304ea6]
V  [jvm.dll+0x30c366]
V  [jvm.dll+0x35deee]
V  [jvm.dll+0x35e12d]
V  [jvm.dll+0x2dc26c]
V  [jvm.dll+0x2dd184]
V  [jvm.dll+0x80ba1b]
V  [jvm.dll+0x36b921]
V  [jvm.dll+0x7ea5df]
V  [jvm.dll+0x3f24fe]
V  [jvm.dll+0x3f4031]
C  [jli.dll+0x5278]
C  [ucrtbase.dll+0x21bb2]
C  [KERNEL32.DLL+0x17374]
C  [ntdll.dll+0x4cc91]


---------------  P R O C E S S  ---------------

Threads class SMR info:
_java_thread_list=0x00007ffd0d207f58, length=0, elements={
}

Java Threads: ( => current thread )

Other Threads:
  0x000001d34ba66950 GCTaskThread "GC Thread#0" [stack: 0x000000699f600000,0x000000699f700000] [id=17188]
  0x000001d34ba76ca0 ConcurrentGCThread "G1 Main Marker" [stack: 0x000000699f700000,0x000000699f800000] [id=3084]
  0x000001d34ba77e60 ConcurrentGCThread "G1 Conc#0" [stack: 0x000000699f800000,0x000000699f900000] [id=9048]

[error occurred during error reporting (printing all threads), id 0xc0000005, EXCEPTION_ACCESS_VIOLATION (0xc0000005) at pc=0x00007ffd0c9bcd97]

VM state: not at safepoint (not fully initialized)

VM Mutex/Monitor currently owned by a thread:  ([mutex/lock_event])
[0x000001d34b9fb150] Heap_lock - owner thread: 0x000001d34b9ff110

Heap address: 0x000000070c000000, size: 3904 MB, Compressed Oops mode: Zero based, Oop shift amount: 3

CDS archive(s) mapped at: [0x0000000000000000-0x0000000000000000-0x0000000000000000), size 0, SharedBaseAddress: 0x0000000800000000, ArchiveRelocationMode: 1.
Narrow klass base: 0x0000000000000000, Narrow klass shift: 0, Narrow klass range: 0x0

GC Precious Log:
<Empty>

Heap:
 garbage-first heap   total 0K, used 0K [0x000000070c000000, 0x0000000800000000)
  region size 2048K, 0 young (0K), 0 survivors (0K)

[error occurred during error reporting (printing heap information), id 0xc0000005, EXCEPTION_ACCESS_VIOLATION (0xc0000005) at pc=0x00007ffd0cdac869]

GC Heap History (0 events):
No events

Dll operation events (1 events):
Event: 0.007 Loaded shared library D:\jdk-17.0.16+8\bin\java.dll

Deoptimization events (0 events):
No events

Classes loaded (0 events):
No events

Classes unloaded (0 events):
No events

Classes redefined (0 events):
No events

Internal exceptions (0 events):
No events

VM Operations (0 events):
No events

Memory protections (0 events):
No events

Nmethod flushes (0 events):
No events

Events (0 events):
No events


Dynamic libraries:
0x00007ff791430000 - 0x00007ff79143e000 	D:\jdk-17.0.16+8\bin\java.exe
0x00007ffd5f650000 - 0x00007ffd5f848000 	C:\WINDOWS\SYSTEM32\ntdll.dll
0x00007ffd5e630000 - 0x00007ffd5e6f2000 	C:\WINDOWS\System32\KERNEL32.DLL
0x00007ffd5cf80000 - 0x00007ffd5d276000 	C:\WINDOWS\System32\KERNELBASE.dll
0x00007ffd5d2b0000 - 0x00007ffd5d3b0000 	C:\WINDOWS\System32\ucrtbase.dll
0x00007ffd46bb0000 - 0x00007ffd46bc7000 	D:\jdk-17.0.16+8\bin\jli.dll
0x00007ffd467c0000 - 0x00007ffd467de000 	D:\jdk-17.0.16+8\bin\VCRUNTIME140.dll
0x00007ffd5e700000 - 0x00007ffd5e89d000 	C:\WINDOWS\System32\USER32.dll
0x00007ffd4b1d0000 - 0x00007ffd4b46b000 	C:\WINDOWS\WinSxS\amd64_microsoft.windows.common-controls_6595b64144ccf1df_6.0.19041.6280_none_60bc30a171f2f3f3\COMCTL32.dll
0x00007ffd5ccf0000 - 0x00007ffd5cd12000 	C:\WINDOWS\System32\win32u.dll
0x00007ffd5ef20000 - 0x00007ffd5efbe000 	C:\WINDOWS\System32\msvcrt.dll
0x00007ffd5efc0000 - 0x00007ffd5efeb000 	C:\WINDOWS\System32\GDI32.dll
0x00007ffd5cd20000 - 0x00007ffd5ce39000 	C:\WINDOWS\System32\gdi32full.dll
0x00007ffd5d5e0000 - 0x00007ffd5d67d000 	C:\WINDOWS\System32\msvcp_win.dll
0x00007ffd5f300000 - 0x00007ffd5f32f000 	C:\WINDOWS\System32\IMM32.DLL
0x00007ffd4b080000 - 0x00007ffd4b08c000 	D:\jdk-17.0.16+8\bin\vcruntime140_1.dll
0x00007ffd43320000 - 0x00007ffd433ad000 	D:\jdk-17.0.16+8\bin\msvcp140.dll
0x00007ffd0c6d0000 - 0x00007ffd0d33b000 	D:\jdk-17.0.16+8\bin\server\jvm.dll
0x00007ffd5ece0000 - 0x00007ffd5ed91000 	C:\WINDOWS\System32\ADVAPI32.dll
0x00007ffd5d680000 - 0x00007ffd5d71f000 	C:\WINDOWS\System32\sechost.dll
0x00007ffd5eff0000 - 0x00007ffd5f110000 	C:\WINDOWS\System32\RPCRT4.dll
0x00007ffd5d280000 - 0x00007ffd5d2a7000 	C:\WINDOWS\System32\bcrypt.dll
0x00007ffd5ec00000 - 0x00007ffd5ec6b000 	C:\WINDOWS\System32\WS2_32.dll
0x00007ffd5cb50000 - 0x00007ffd5cb9b000 	C:\WINDOWS\SYSTEM32\POWRPROF.dll
0x00007ffd56380000 - 0x00007ffd5638a000 	C:\WINDOWS\SYSTEM32\VERSION.dll
0x00007ffd50d50000 - 0x00007ffd50d77000 	C:\WINDOWS\SYSTEM32\WINMM.dll
0x00007ffd5cb30000 - 0x00007ffd5cb42000 	C:\WINDOWS\SYSTEM32\UMPDC.dll
0x00007ffd5ab50000 - 0x00007ffd5ab62000 	C:\WINDOWS\SYSTEM32\kernel.appcore.dll
0x00007ffd4aff0000 - 0x00007ffd4affa000 	D:\jdk-17.0.16+8\bin\jimage.dll
0x00007ffd53b90000 - 0x00007ffd53d91000 	C:\WINDOWS\SYSTEM32\DBGHELP.DLL
0x00007ffd509d0000 - 0x00007ffd50a04000 	C:\WINDOWS\SYSTEM32\dbgcore.DLL
0x00007ffd5cef0000 - 0x00007ffd5cf72000 	C:\WINDOWS\System32\bcryptPrimitives.dll
0x00007ffd56fe0000 - 0x00007ffd56fee000 	D:\jdk-17.0.16+8\bin\instrument.dll
0x00007ffd46660000 - 0x00007ffd46685000 	D:\jdk-17.0.16+8\bin\java.dll

dbghelp: loaded successfully - version: 4.0.5 - missing functions: none
symbol engine: initialized successfully - sym options: 0x614 - pdb path: .;D:\jdk-17.0.16+8\bin;C:\WINDOWS\SYSTEM32;C:\WINDOWS\WinSxS\amd64_microsoft.windows.common-controls_6595b64144ccf1df_6.0.19041.6280_none_60bc30a171f2f3f3;D:\jdk-17.0.16+8\bin\server

VM Arguments:
jvm_args: -Dorg.jetbrains.run.directory=D:\TestCaseJBDC-main\src\test\resources\features -javaagent:D:\JetBrains\IntelliJIdea2025.2\lib\idea_rt.jar=54504 -Dfile.encoding=UTF-8 
java_command: io.cucumber.core.cli.Main --plugin teamcity D:/TestCaseJBDC-main/src/test/resources/features/password_length.feature
java_class_path (initial): D:\TestCaseJBDC-main\target\test-classes;D:\TestCaseJBDC-main\target\classes;C:\Users\Екатерина\.m2\repository\org\junit\jupiter\junit-jupiter\5.13.3\junit-jupiter-5.13.3.jar;C:\Users\Екатерина\.m2\repository\org\junit\jupiter\junit-jupiter-api\5.13.3\junit-jupiter-api-5.13.3.jar;C:\Users\Екатерина\.m2\repository\org\opentest4j\opentest4j\1.3.0\opentest4j-1.3.0.jar;C:\Users\Екатерина\.m2\repository\org\junit\platform\junit-platform-commons\1.13.3\junit-platform-commons-1.13.3.jar;C:\Users\Екатерина\.m2\repository\org\junit\jupiter\junit-jupiter-params\5.13.3\junit-jupiter-params-5.13.3.jar;C:\Users\Екатерина\.m2\repository\org\aspectj\aspectjweaver\1.9.24\aspectjweaver-1.9.24.jar;C:\Users\Екатерина\.m2\repository\org\junit\platform\junit-platform-suite\1.13.3\junit-platform-suite-1.13.3.jar;C:\Users\Екатерина\.m2\repository\org\junit\platform\junit-platform-suite-api\1.13.3\junit-platform-suite-api-1.13.3.jar;C:\Users\Екатерина\.m2\repository\org\seleniumhq\selenium\selenium-java\4.34.0\selenium-java-4.34.0.jar;C:\Users\Екатерина\.m2\repository\org\seleniumhq\selenium\selenium-api\4.34.0\selenium-api-4.34.0.jar;C:\Users\Екатерина\.m2\repository\org\jspecify\jspecify\1.0.0\jspecify-1.0.0.jar;C:\Users\Екатерина\.m2\repository\org\seleniumhq\selenium\selenium-chrome-driver\4.34.0\selenium-chrome-driver-4.34.0.jar;C:\Users\Екатерина\.m2\repository\com\google\auto\service\auto-service-annotations\1.1.1\auto-service-annotations-1.1.1.jar;C:\Users\Екатерина\.m2\repository\org\seleniumhq\selenium\selenium-chromium-driver\4.34.0\selenium-chromium-driver-4.34.0.jar;C:\Users\Екатерина\.m2\repository\org\seleniumhq\selenium\selenium-json\4.34.0\selenium-json-4.34.0.jar;C:\Users\Екатерина\.m2\repository\org\seleniumhq\selenium\selenium-manager\4.34.0\selenium-manager-4.34.0.jar;C:\Users\Екатерина\.m2\repository\org\seleniumhq\selenium\selenium-devtools-v136\4.34.0\selenium-devtools-v136-4.34.0.jar;C:\Users\Екатерина\.m2\repository\org\seleniumhq\sele
Launcher Type: SUN_STANDARD

[Global flags]
     intx CICompilerCount                          = 12                                        {product} {ergonomic}
     uint ConcGCThreads                            = 3                                         {product} {ergonomic}
     uint G1ConcRefinementThreads                  = 13                                        {product} {ergonomic}
   size_t G1HeapRegionSize                         = 2097152                                   {product} {ergonomic}
    uintx GCDrainStackTargetSize                   = 64                                        {product} {ergonomic}
   size_t InitialHeapSize                          = 255852544                                 {product} {ergonomic}
   size_t MarkStackSize                            = 4194304                                   {product} {ergonomic}
   size_t MaxHeapSize                              = 4093640704                                {product} {ergonomic}
   size_t MinHeapDeltaBytes                        = 2097152                                   {product} {ergonomic}
   size_t MinHeapSize                              = 8388608                                   {product} {ergonomic}
    uintx NonNMethodCodeHeapSize                   = 7602480                                {pd product} {ergonomic}
    uintx NonProfiledCodeHeapSize                  = 122027880                              {pd product} {ergonomic}
    uintx ProfiledCodeHeapSize                     = 122027880                              {pd product} {ergonomic}
    uintx ReservedCodeCacheSize                    = 251658240                              {pd product} {ergonomic}
     bool SegmentedCodeCache                       = true                                      {product} {ergonomic}
   size_t SoftMaxHeapSize                          = 4093640704                             {manageable} {ergonomic}
     bool UseCompressedClassPointers               = true                           {product lp64_product} {ergonomic}
     bool UseCompressedOops                        = true                           {product lp64_product} {ergonomic}
     bool UseG1GC                                  = true                                      {product} {ergonomic}
     bool UseLargePagesIndividualAllocation        = false                                  {pd product} {ergonomic}

Logging:
Log output configuration:
 #0: stdout all=warning uptime,level,tags
 #1: stderr all=off uptime,level,tags

Environment Variables:
PATH=D:\jdk-17.0.16+8\bin;C:\Program Files\Common Files\Oracle\Java\javapath;C:\Program Files (x86)\Common Files\Oracle\Java\java8path;C:\Program Files (x86)\Common Files\Oracle\Java\javapath;C:\Program Files (x86)\Common Files\Intel\Shared Libraries\redist\intel64_win\compiler;C:\Program Files (x86)\Common Files\Intel\Shared Libraries\redist\intel64\compiler;C:\WINDOWS\system32;C:\WINDOWS;C:\WINDOWS\System32\Wbem;C:\WINDOWS\System32\WindowsPowerShell\v1.0\;C:\WINDOWS\System32\OpenSSH\;C:\Program Files (x86)\NVIDIA Corporation\PhysX\Common;C:\Program Files\NVIDIA Corporation\NVIDIA NvDLISR;C:\Program Files (x86)\QuickTime\QTSystem\;C:\Program Files\dotnet\;C:\Program Files\Microsoft SQL Server\Client SDK\ODBC\130\Tools\Binn\;C:\Program Files (x86)\Microsoft SQL Server\140\Tools\Binn\;C:\Program Files\Microsoft SQL Server\140\Tools\Binn\;C:\Program Files\Microsoft SQL Server\140\DTS\Binn\;C:\Program Files\Microsoft SQL Server\150\Tools\Binn\;C:\Program Files\Microsoft SQL Server\Client SDK\ODBC\170\Tools\Binn\;C:\U;D:\;D:\Git\cmd;C:\Program Files\PowerShell\7\;C:\Users\Екатерина\scoop\apps\maven\current\bin;C:\Users\Екатерина\scoop\shims;C:\Users\Екатерина\AppData\Local\Microsoft\WindowsApps;D:\ffmpeg-7.1.1-full_build\bin;C:\Users\Екатерина\.dotnet\tools;C:\Users\Екатерина\scoop\apps\allure\current\bin;
USERNAME=Екатерина
OS=Windows_NT
PROCESSOR_IDENTIFIER=AMD64 Family 25 Model 68 Stepping 1, AuthenticAMD
TMP=C:\Users\E784~1\AppData\Local\Temp
TEMP=C:\Users\E784~1\AppData\Local\Temp



Periodic native trim disabled


---------------  S Y S T E M  ---------------

OS:
 Windows 10 , 64 bit Build 19041 (10.0.19041.5915)
OS uptime: 0 days 5:50 hours

CPU: total 16 (initial active 16) (16 cores per cpu, 2 threads per core) family 25 model 68 stepping 1 microcode 0x0, cx8, cmov, fxsr, ht, mmx, 3dnowpref, sse, sse2, sse3, ssse3, sse4a, sse4.1, sse4.2, popcnt, lzcnt, tsc, tscinvbit, avx, avx2, aes, erms, clmul, bmi1, bmi2, adx, sha, fma, vzeroupper, clflush, clflushopt
Processor Information for processor 0
  Max Mhz: 3201, Current Mhz: 3201, Mhz Limit: 3201
Processor Information for processor 1
  Max Mhz: 3201, Current Mhz: 2560, Mhz Limit: 3201
Processor Information for processor 2
  Max Mhz: 3201, Current Mhz: 3201, Mhz Limit: 3201
Processor Information for processor 3
  Max Mhz: 3201, Current Mhz: 2560, Mhz Limit: 3201
Processor Information for processor 4
  Max Mhz: 3201, Current Mhz: 3201, Mhz Limit: 3201
Processor Information for processor 5
  Max Mhz: 3201, Current Mhz: 2560, Mhz Limit: 3201
Processor Information for processor 6
  Max Mhz: 3201, Current Mhz: 3201, Mhz Limit: 3201
Processor Information for processor 7
  Max Mhz: 3201, Current Mhz: 3201, Mhz Limit: 3201
Processor Information for processor 8
  Max Mhz: 3201, Current Mhz: 2560, Mhz Limit: 3201
Processor Information for processor 9
  Max Mhz: 3201, Current Mhz: 2560, Mhz Limit: 3201
Processor Information for processor 10
  Max Mhz: 3201, Current Mhz: 2560, Mhz Limit: 3201
Processor Information for processor 11
  Max Mhz: 3201, Current Mhz: 2560, Mhz Limit: 3201
Processor Information for processor 12
  Max Mhz: 3201, Current Mhz: 2560, Mhz Limit: 3201
Processor Information for processor 13
  Max Mhz: 3201, Current Mhz: 3201, Mhz Limit: 3201
Processor Information for processor 14
  Max Mhz: 3201, Current Mhz: 3201, Mhz Limit: 3201
Processor Information for processor 15
  Max Mhz: 3201, Current Mhz: 3201, Mhz Limit: 3201

Memory: 4k page, system-wide physical 15610M (2212M free)
TotalPageFile size 22649M (AvailPageFile size 112M)
current process WorkingSet (physical memory assigned to process): 10M, peak: 10M
current process commit charge ("private bytes"): 70M, peak: 314M

vm_info: OpenJDK 64-Bit Server VM (17.0.16+8) for windows-amd64 JRE (17.0.16+8), built on Jul 16 2025 10:37:56 by "admin" with MS VC++ 17.7 (VS2022)

END.
